[2026-05-15 19:46:25] USER: /qr
[2026-05-15 19:46:30] USER: /qr
[2026-05-15 19:46:32] USER: /help
[2026-05-15 19:46:39] USER: /start
[2026-05-15 19:46:44] USER: /qr
[2026-05-15 19:46:46] USER: /svg
[2026-05-15 19:46:48] USER: /color
[2026-05-15 19:46:50] USER: /help
[2026-05-15 19:46:53] USER: /me
[2026-05-15 19:46:58] USER: /qr
[2026-05-15 19:51:20] USER: /start
[2026-05-15 19:51:24] USER: 🔲 Сгенерировать QR
[2026-05-15 19:51:33] USER: SOSI
[2026-05-15 19:51:36] BOT: QR: SOSI
[2026-05-15 19:58:30] USER: /start
[2026-05-15 19:59:54] USER: /start
[2026-05-15 20:00:00] USER: 🔲 Создать QR-код
[2026-05-15 20:00:10] USER: https://github.com/amnezia-vpn/amnezia-client/releases/tag/4.8.15.4
[2026-05-15 20:00:20] USER: ⚫ Черный
[2026-05-15 20:00:26] USER: 📄 SVG
[2026-05-15 20:00:29] BOT: QR (svg, #000000) для: https://github.com/amnezia-vpn/amnezia-client/releases/tag/4.8.15.4
[2026-05-15 20:00:44] USER: 🔲 Создать QR-код
[2026-05-15 20:00:48] USER: sosi
[2026-05-15 20:00:55] USER: ⚫ Черный
[2026-05-15 20:00:57] USER: 📄 SVG
[2026-05-15 20:01:00] BOT: QR (svg, #000000) для: sosi
[2026-05-15 20:01:02] USER: 🔲 Создать QR-код
[2026-05-15 20:01:09] USER: sosi
[2026-05-15 20:01:11] USER: ⚫ Черный
[2026-05-15 20:01:13] USER: 📱 PNG
[2026-05-15 20:01:14] BOT: QR (png, #000000) для: sosi
[2026-05-15 20:01:34] USER: /start
[2026-05-15 20:01:36] USER: 🔲 Создать QR-код
[2026-05-15 20:01:38] USER: 123
[2026-05-15 20:01:42] USER: 🟢 Зеленый
[2026-05-15 20:01:44] USER: 📱 PNG
[2026-05-15 20:01:47] BOT: QR (png, #00FF00) для: 123
[2026-05-15 20:02:29] USER: ❓ Помощь
[2026-05-15 20:02:38] USER: ℹ️ О боте
[2026-05-15 20:07:43] USER: 🔲 Создать QR-код
[2026-05-15 20:07:48] USER: 111
[2026-05-15 20:07:50] USER: 🟡 Желтый
[2026-05-15 20:07:52] USER: 📄 SVG
[2026-05-15 20:07:54] BOT: QR (svg, #FFFF00) для: 111
[2026-05-15 20:07:58] USER: 🔲 Создать QR-код
[2026-05-15 20:08:00] USER: 345
[2026-05-15 20:08:02] USER: 🔵 Синий
[2026-05-15 20:08:04] USER: 📱 PNG
[2026-05-15 20:08:06] BOT: QR (png, #0000FF) для: 345
[2026-05-15 20:09:55] USER: 🔲 Создать QR-код
[2026-05-15 20:09:58] USER: 345
[2026-05-15 20:10:00] USER: 🔴 Красный
[2026-05-15 20:10:02] USER: 📄 SVG
[2026-05-15 20:10:04] BOT: QR (svg, #FF0000) для: 345
[2026-05-15 20:10:50] USER: 🔲 Создать QR-код
[2026-05-15 20:10:53] USER: Отлично.
[2026-05-15 20:10:57] USER: 🟣 Фиолетовый
[2026-05-15 20:10:59] USER: 📱 PNG
[2026-05-15 20:11:01] BOT: QR (png, #800080) для: Отлично.
[2026-05-15 20:11:11] USER: ℹ️ О боте
[2026-05-15 20:22:38] USER: 🔲 Создать QR-код
[2026-05-15 20:22:48] USER: 123
[2026-05-15 20:22:50] USER: ⚫ Черный
[2026-05-15 20:22:55] USER: 📱 PNG
[2026-05-15 20:22:57] BOT: QR (png) для: 123
[2026-05-15 20:34:56] USER: 🔲 Создать QR-код
[2026-05-15 20:34:59] USER: 123
[2026-05-15 20:35:01] USER: ⚫ Черный
[2026-05-15 20:35:03] USER: 📱 PNG
[2026-05-15 20:35:05] BOT: QR (png) для: 123
[2026-05-15 20:35:07] USER: 🔲 Создать QR-код
[2026-05-15 20:35:10] USER: 346
[2026-05-15 20:35:12] USER: 🟢 Зеленый
[2026-05-15 20:35:14] USER: 📄 SVG
[2026-05-15 20:35:16] BOT: QR (svg) для: 346
[2026-05-16 10:17:06] USER: 🔲 Создать QR-код
[2026-05-16 10:17:09] USER: 123
[2026-05-16 10:17:11] USER: 🔵 Синий
[2026-05-16 10:17:13] USER: 📱 PNG
[2026-05-16 10:17:15] BOT: QR (png) для: 123
[2026-05-16 10:36:12] USER: /start
[2026-05-16 10:36:17] USER: /help
[2026-05-16 10:36:24] USER: /help
[2026-05-16 10:36:26] USER: /me
[2026-05-16 10:36:28] USER: /start
